// Jest Snapshot v1, https://goo.gl/fbAQLP

exports[`renders Navigation component 1`] = `ShallowWrapper {}`;
